#
# There is insufficient memory for the Java Runtime Environment to continue.
# Native memory allocation (malloc) failed to allocate 1767056 bytes. Error detail: Chunk::new
# Possible reasons:
#   The system is out of physical RAM or swap space
#   This process is running with CompressedOops enabled, and the Java Heap may be blocking the growth of the native heap
# Possible solutions:
#   Reduce memory load on the system
#   Increase physical memory or swap space
#   Check if swap backing store is full
#   Decrease Java heap size (-Xmx/-Xms)
#   Decrease number of Java threads
#   Decrease Java thread stack sizes (-Xss)
#   Set larger code cache with -XX:ReservedCodeCacheSize=
#   JVM is running with Zero Based Compressed Oops mode in which the Java heap is
#     placed in the first 32GB address space. The Java Heap base address is the
#     maximum limit for the native heap growth. Please use -XX:HeapBaseMinAddress
#     to set the Java Heap base and to place the Java Heap above 32GB virtual address.
# This output file may be truncated or incomplete.
#
#  Out of Memory Error (arena.cpp:191), pid=20084, tid=796
#
# JRE version: OpenJDK Runtime Environment Temurin-17.0.20+8 (17.0.20+8) (build 17.0.20+8)
# Java VM: OpenJDK 64-Bit Server VM Temurin-17.0.20+8 (17.0.20+8, mixed mode, sharing, tiered, compressed oops, compressed class ptrs, g1 gc, windows-amd64)
# No core dump will be written. Minidumps are not enabled by default on client versions of Windows
#

---------------  S U M M A R Y ------------

Command Line: org.jetbrains.kotlin.cli.jvm.K2JVMCompiler @C:\projects\ThoughtCollector\node_modules\react-native-screens\android\build\20260823_13362810105007083941.compiler.options

Host: 12th Gen Intel(R) Core(TM) i5-12400F, 12 cores, 31G,  Windows 11 , 64 bit Build 26100 (10.0.26100.9168)
Time: Sun Aug 23 16:37:32 2026 RTZ 2 (s 11 , 64 bit Build 26100 (10.0.26100.9168) elapsed time: 15.513318 seconds (0d 0h 0m 15s)

---------------  T H R E A D  ---------------

Current thread (0x000001fb5eb89940):  JavaThread "C2 CompilerThread2" daemon [_thread_in_native, id=796, stack(0x0000001be3800000,0x0000001be3900000)]


Current CompileTask:
C2:15513 14724       4       org.jetbrains.kotlin.fir.types.TypeUtilsKt::withNullability (1333 bytes)

Stack: [0x0000001be3800000,0x0000001be3900000]
Native frames: (J=compiled Java code, j=interpreted, Vv=VM code, C=native code)
V  [jvm.dll+0x684d39]
V  [jvm.dll+0x83a565]
V  [jvm.dll+0x83bfde]
V  [jvm.dll+0x83c663]
V  [jvm.dll+0x2490cf]
V  [jvm.dll+0xad536]
V  [jvm.dll+0xadbdc]
V  [jvm.dll+0x368d6f]
V  [jvm.dll+0x333215]
V  [jvm.dll+0x33267a]
V  [jvm.dll+0x219ed9]
V  [jvm.dll+0x21931f]
V  [jvm.dll+0x1a49e0]
V  [jvm.dll+0x229a6a]
V  [jvm.dll+0x227c1b]
V  [jvm.dll+0x7f0d18]
V  [jvm.dll+0x7eb17c]
V  [jvm.dll+0x683c07]
C  [ucrtbase.dll+0x2cd30]
C  [KERNEL32.DLL+0x2ccb7]
C  [ntdll.dll+0xaad6c]


---------------  P R O C E S S  ---------------

Threads class SMR info:
_java_thread_list=0x000001fb5d9113d0, length=14, elements={
0x000001fb6793abb0, 0x000001fb7fbbc620, 0x000001fb7fbbdd50, 0x000001fb7fbd86f0,
0x000001fb7fbdafd0, 0x000001fb7fbdb8a0, 0x000001fb7fbdc170, 0x000001fb7fbddd80,
0x000001fb7fbe4080, 0x000001fb7fbfa4c0, 0x000001fb147e13a0, 0x000001fb147e9b30,
0x000001fb5cda4250, 0x000001fb5eb89940
}

Java Threads: ( => current thread )
  0x000001fb6793abb0 JavaThread "main" [_thread_blocked, id=21764, stack(0x0000001be1a00000,0x0000001be1b00000)]
  0x000001fb7fbbc620 JavaThread "Reference Handler" daemon [_thread_blocked, id=12104, stack(0x0000001be2200000,0x0000001be2300000)]
  0x000001fb7fbbdd50 JavaThread "Finalizer" daemon [_thread_blocked, id=3344, stack(0x0000001be2300000,0x0000001be2400000)]
  0x000001fb7fbd86f0 JavaThread "Signal Dispatcher" daemon [_thread_blocked, id=20304, stack(0x0000001be2400000,0x0000001be2500000)]
  0x000001fb7fbdafd0 JavaThread "Attach Listener" daemon [_thread_blocked, id=18572, stack(0x0000001be2500000,0x0000001be2600000)]
  0x000001fb7fbdb8a0 JavaThread "Service Thread" daemon [_thread_blocked, id=1944, stack(0x0000001be2600000,0x0000001be2700000)]
  0x000001fb7fbdc170 JavaThread "Monitor Deflation Thread" daemon [_thread_blocked, id=18532, stack(0x0000001be2700000,0x0000001be2800000)]
  0x000001fb7fbddd80 JavaThread "C2 CompilerThread0" daemon [_thread_blocked, id=9700, stack(0x0000001be2800000,0x0000001be2900000)]
  0x000001fb7fbe4080 JavaThread "C1 CompilerThread0" daemon [_thread_blocked, id=2060, stack(0x0000001be2900000,0x0000001be2a00000)]
  0x000001fb7fbfa4c0 JavaThread "Sweeper thread" daemon [_thread_blocked, id=16292, stack(0x0000001be2a00000,0x0000001be2b00000)]
  0x000001fb147e13a0 JavaThread "Notification Thread" daemon [_thread_blocked, id=7940, stack(0x0000001be2b00000,0x0000001be2c00000)]
  0x000001fb147e9b30 JavaThread "Common-Cleaner" daemon [_thread_blocked, id=2292, stack(0x0000001be2d00000,0x0000001be2e00000)]
  0x000001fb5cda4250 JavaThread "C2 CompilerThread1" daemon [_thread_in_native, id=22856, stack(0x0000001be2e00000,0x0000001be2f00000)]
=>0x000001fb5eb89940 JavaThread "C2 CompilerThread2" daemon [_thread_in_native, id=796, stack(0x0000001be3800000,0x0000001be3900000)]

Other Threads:
  0x000001fb7fbb8580 VMThread "VM Thread" [stack: 0x0000001be2100000,0x0000001be2200000] [id=18512] _threads_hazard_ptr=0x000001fb5d9113d0
  0x000001fb147e1880 WatcherThread [stack: 0x0000001be2c00000,0x0000001be2d00000] [id=5252]
  0x000001fb679ea070 GCTaskThread "GC Thread#0" [stack: 0x0000001be1c00000,0x0000001be1d00000] [id=15812]
  0x000001fb5a30ab20 GCTaskThread "GC Thread#1" [stack: 0x0000001be2f00000,0x0000001be3000000] [id=21800]
  0x000001fb5a282050 GCTaskThread "GC Thread#2" [stack: 0x0000001be3000000,0x0000001be3100000] [id=2296]
  0x000001fb5a282310 GCTaskThread "GC Thread#3" [stack: 0x0000001be3100000,0x0000001be3200000] [id=13020]
  0x000001fb5a2825d0 GCTaskThread "GC Thread#4" [stack: 0x0000001be3200000,0x0000001be3300000] [id=4300]
  0x000001fb5a2acc90 GCTaskThread "GC Thread#5" [stack: 0x0000001be3300000,0x0000001be3400000] [id=19224]
  0x000001fb5a2acf50 GCTaskThread "GC Thread#6" [stack: 0x0000001be3400000,0x0000001be3500000] [id=22304]
  0x000001fb5a282890 GCTaskThread "GC Thread#7" [stack: 0x0000001be3500000,0x0000001be3600000] [id=15740]
  0x000001fb5a282b50 GCTaskThread "GC Thread#8" [stack: 0x0000001be3600000,0x0000001be3700000] [id=6504]
  0x000001fb5a282e10 GCTaskThread "GC Thread#9" [stack: 0x0000001be3700000,0x0000001be3800000] [id=21944]
  0x000001fb7fa0c200 ConcurrentGCThread "G1 Main Marker" [stack: 0x0000001be1d00000,0x0000001be1e00000] [id=9072]
  0x000001fb7fa0ca30 ConcurrentGCThread "G1 Conc#0" [stack: 0x0000001be1e00000,0x0000001be1f00000] [id=256]
  0x000001fb5aa9e850 ConcurrentGCThread "G1 Conc#1" [stack: 0x0000001be3900000,0x0000001be3a00000] [id=7808]
  0x000001fb5aa9cf90 ConcurrentGCThread "G1 Conc#2" [stack: 0x0000001be3a00000,0x0000001be3b00000] [id=20132]
  0x000001fb7faf1c90 ConcurrentGCThread "G1 Refine#0" [stack: 0x0000001be1f00000,0x0000001be2000000] [id=20016]
  0x000001fb5ae16b70 ConcurrentGCThread "G1 Refine#1" [stack: 0x0000001be3b00000,0x0000001be3c00000] [id=13376]
  0x000001fb5ae17150 ConcurrentGCThread "G1 Refine#2" [stack: 0x0000001be3c00000,0x0000001be3d00000] [id=5220]
  0x000001fb5ae16590 ConcurrentGCThread "G1 Refine#3" [stack: 0x0000001be3d00000,0x0000001be3e00000] [id=21720]
  0x000001fb7faf26c0 ConcurrentGCThread "G1 Service" [stack: 0x0000001be2000000,0x0000001be2100000] [id=2256]

Threads with active compile tasks:
C1 CompilerThread0  16540 14917       3       org.jetbrains.kotlin.fir.expressions.impl.FirWhenExpressionImpl::acceptChildren (181 bytes)
C2 CompilerThread1  16540 14881   !   4       org.jetbrains.kotlin.fir.analysis.collectors.AbstractDiagnosticCollectorVisitor::visitElement (390 bytes)
C2 CompilerThread2  16540 14724       4       org.jetbrains.kotlin.fir.types.TypeUtilsKt::withNullability (1333 bytes)

VM state: synchronizing (normal execution)

VM Mutex/Monitor currently owned by a thread:  ([mutex/lock_event])
[0x000001fb67935250] Threads_lock - owner thread: 0x000001fb7fbb8580

Heap address: 0x0000000602400000, size: 8156 MB, Compressed Oops mode: Zero based, Oop shift amount: 3

CDS archive(s) mapped at: [0x000001fb15000000-0x000001fb15bb0000-0x000001fb15bb0000), size 12255232, SharedBaseAddress: 0x000001fb15000000, ArchiveRelocationMode: 1.
Compressed class space mapped at: 0x000001fb16000000-0x000001fb56000000, reserved size: 1073741824
Narrow klass base: 0x000001fb15000000, Narrow klass shift: 0, Narrow klass range: 0x100000000

GC Precious Log:
 CPUs: 12 total, 12 available
 Memory: 32609M
 Large Page Support: Disabled
 NUMA Support: Disabled
 Compressed Oops: Enabled (Zero based)
 Heap Region Size: 4M
 Heap Min Capacity: 8M
 Heap Initial Capacity: 512M
 Heap Max Capacity: 8156M
 Pre-touch: Disabled
 Parallel Workers: 10
 Concurrent Workers: 3
 Concurrent Refinement Workers: 10
 Periodic GC: Disabled

Heap:
 garbage-first heap   total 270336K, used 160976K [0x0000000602400000, 0x0000000800000000)
  region size 4096K, 9 young (36864K), 2 survivors (8192K)
 Metaspace       used 62694K, committed 62976K, reserved 1114112K
  class space    used 6731K, committed 6848K, reserved 1048576K

Heap Regions: E=young(eden), S=young(survivor), O=old, HS=humongous(starts), HC=humongous(continues), CS=collection set, F=free, OA=open archive, CA=closed archive, TAMS=top-at-mark-start (previous, next)
|   0|0x0000000602400000, 0x0000000602800000, 0x0000000602800000|100%|HS|  |TAMS 0x0000000602800000, 0x0000000602400000| Complete 
|   1|0x0000000602800000, 0x0000000602c00000, 0x0000000602c00000|100%| O|  |TAMS 0x0000000602c00000, 0x0000000602800000| Untracked 
|   2|0x0000000602c00000, 0x0000000603000000, 0x0000000603000000|100%| O|  |TAMS 0x0000000603000000, 0x0000000602c00000| Untracked 
|   3|0x0000000603000000, 0x0000000603400000, 0x0000000603400000|100%| O|  |TAMS 0x0000000603400000, 0x0000000603000000| Untracked 
|   4|0x0000000603400000, 0x0000000603800000, 0x0000000603800000|100%| O|  |TAMS 0x0000000603800000, 0x0000000603400000| Untracked 
|   5|0x0000000603800000, 0x0000000603c00000, 0x0000000603c00000|100%| O|  |TAMS 0x0000000603c00000, 0x0000000603800000| Untracked 
|   6|0x0000000603c00000, 0x0000000604000000, 0x0000000604000000|100%| O|  |TAMS 0x0000000604000000, 0x0000000603c00000| Untracked 
|   7|0x0000000604000000, 0x0000000604400000, 0x0000000604400000|100%| O|  |TAMS 0x0000000604400000, 0x0000000604000000| Untracked 
|   8|0x0000000604400000, 0x0000000604800000, 0x0000000604800000|100%| O|  |TAMS 0x0000000604800000, 0x0000000604400000| Untracked 
|   9|0x0000000604800000, 0x0000000604c00000, 0x0000000604c00000|100%| O|  |TAMS 0x0000000604c00000, 0x0000000604800000| Untracked 
|  10|0x0000000604c00000, 0x0000000605000000, 0x0000000605000000|100%| O|  |TAMS 0x0000000605000000, 0x0000000604c00000| Untracked 
|  11|0x0000000605000000, 0x0000000605400000, 0x0000000605400000|100%| O|  |TAMS 0x0000000605400000, 0x0000000605000000| Untracked 
|  12|0x0000000605400000, 0x0000000605800000, 0x0000000605800000|100%| O|  |TAMS 0x0000000605800000, 0x0000000605400000| Untracked 
|  13|0x0000000605800000, 0x0000000605c00000, 0x0000000605c00000|100%| O|  |TAMS 0x0000000605c00000, 0x0000000605800000| Untracked 
|  14|0x0000000605c00000, 0x0000000606000000, 0x0000000606000000|100%| O|  |TAMS 0x0000000606000000, 0x0000000605c00000| Complete 
|  15|0x0000000606000000, 0x0000000606400000, 0x0000000606400000|100%| O|  |TAMS 0x0000000606400000, 0x0000000606000000| Untracked 
|  16|0x0000000606400000, 0x0000000606800000, 0x0000000606800000|100%| O|  |TAMS 0x0000000606800000, 0x0000000606400000| Untracked 
|  17|0x0000000606800000, 0x0000000606c00000, 0x0000000606c00000|100%| O|  |TAMS 0x0000000606c00000, 0x0000000606800000| Untracked 
|  18|0x0000000606c00000, 0x0000000607000000, 0x0000000607000000|100%| O|  |TAMS 0x0000000607000000, 0x0000000606c00000| Untracked 
|  19|0x0000000607000000, 0x0000000607400000, 0x0000000607400000|100%| O|  |TAMS 0x0000000607400000, 0x0000000607000000| Untracked 
|  20|0x0000000607400000, 0x0000000607800000, 0x0000000607800000|100%| O|  |TAMS 0x0000000607800000, 0x0000000607400000| Untracked 
|  21|0x0000000607800000, 0x0000000607c00000, 0x0000000607c00000|100%| O|  |TAMS 0x0000000607c00000, 0x0000000607800000| Untracked 
|  22|0x0000000607c00000, 0x0000000607c00000, 0x0000000608000000|  0%| F|  |TAMS 0x0000000607c00000, 0x0000000607c00000| Untracked 
|  23|0x0000000608000000, 0x0000000608400000, 0x0000000608400000|100%| O|  |TAMS 0x0000000608400000, 0x0000000608000000| Untracked 
|  24|0x0000000608400000, 0x0000000608800000, 0x0000000608800000|100%| O|  |TAMS 0x0000000608800000, 0x0000000608400000| Untracked 
|  25|0x0000000608800000, 0x0000000608c00000, 0x0000000608c00000|100%| O|  |TAMS 0x0000000608c00000, 0x0000000608800000| Untracked 
|  26|0x0000000608c00000, 0x0000000609000000, 0x0000000609000000|100%| O|  |TAMS 0x0000000609000000, 0x0000000608c00000| Untracked 
|  27|0x0000000609000000, 0x0000000609400000, 0x0000000609400000|100%| O|  |TAMS 0x0000000609400000, 0x0000000609000000| Untracked 
|  28|0x0000000609400000, 0x0000000609800000, 0x0000000609800000|100%| O|  |TAMS 0x0000000609800000, 0x0000000609400000| Untracked 
|  29|0x0000000609800000, 0x0000000609c00000, 0x0000000609c00000|100%| O|  |TAMS 0x0000000609c00000, 0x0000000609800000| Untracked 
|  30|0x0000000609c00000, 0x000000060a000000, 0x000000060a000000|100%| O|  |TAMS 0x000000060a000000, 0x0000000609c00000| Untracked 
|  31|0x000000060a000000, 0x000000060a400000, 0x000000060a400000|100%| O|  |TAMS 0x000000060a400000, 0x000000060a000000| Untracked 
|  32|0x000000060a400000, 0x000000060a545400, 0x000000060a800000| 31%| O|  |TAMS 0x000000060a545400, 0x000000060a400000| Untracked 
|  33|0x000000060a800000, 0x000000060a800000, 0x000000060ac00000|  0%| F|  |TAMS 0x000000060a800000, 0x000000060a800000| Untracked 
|  34|0x000000060ac00000, 0x000000060ac00000, 0x000000060b000000|  0%| F|  |TAMS 0x000000060ac00000, 0x000000060ac00000| Untracked 
|  35|0x000000060b000000, 0x000000060b000000, 0x000000060b400000|  0%| F|  |TAMS 0x000000060b000000, 0x000000060b000000| Untracked 
|  36|0x000000060b400000, 0x000000060b400000, 0x000000060b800000|  0%| F|  |TAMS 0x000000060b400000, 0x000000060b400000| Untracked 
|  37|0x000000060b800000, 0x000000060b800000, 0x000000060bc00000|  0%| F|  |TAMS 0x000000060b800000, 0x000000060b800000| Untracked 
|  38|0x000000060bc00000, 0x000000060bc00000, 0x000000060c000000|  0%| F|  |TAMS 0x000000060bc00000, 0x000000060bc00000| Untracked 
|  39|0x000000060c000000, 0x000000060c000000, 0x000000060c400000|  0%| F|  |TAMS 0x000000060c000000, 0x000000060c000000| Untracked 
|  40|0x000000060c400000, 0x000000060c400000, 0x000000060c800000|  0%| F|  |TAMS 0x000000060c400000, 0x000000060c400000| Untracked 
|  41|0x000000060c800000, 0x000000060c800000, 0x000000060cc00000|  0%| F|  |TAMS 0x000000060c800000, 0x000000060c800000| Untracked 
|  42|0x000000060cc00000, 0x000000060cc00000, 0x000000060d000000|  0%| F|  |TAMS 0x000000060cc00000, 0x000000060cc00000| Untracked 
|  43|0x000000060d000000, 0x000000060d3eeeb8, 0x000000060d400000| 98%| S|CS|TAMS 0x000000060d000000, 0x000000060d000000| Complete 
|  44|0x000000060d400000, 0x000000060d800000, 0x000000060d800000|100%| S|CS|TAMS 0x000000060d400000, 0x000000060d400000| Complete 
|  45|0x000000060d800000, 0x000000060d800000, 0x000000060dc00000|  0%| F|  |TAMS 0x000000060d800000, 0x000000060d800000| Untracked 
|  46|0x000000060dc00000, 0x000000060dc00000, 0x000000060e000000|  0%| F|  |TAMS 0x000000060dc00000, 0x000000060dc00000| Untracked 
|  47|0x000000060e000000, 0x000000060e000000, 0x000000060e400000|  0%| F|  |TAMS 0x000000060e000000, 0x000000060e000000| Untracked 
|  48|0x000000060e400000, 0x000000060e400000, 0x000000060e800000|  0%| F|  |TAMS 0x000000060e400000, 0x000000060e400000| Untracked 
|  49|0x000000060e800000, 0x000000060e800000, 0x000000060ec00000|  0%| F|  |TAMS 0x000000060e800000, 0x000000060e800000| Untracked 
|  50|0x000000060ec00000, 0x000000060ec00000, 0x000000060f000000|  0%| F|  |TAMS 0x000000060ec00000, 0x000000060ec00000| Untracked 
|  51|0x000000060f000000, 0x000000060f000000, 0x000000060f400000|  0%| F|  |TAMS 0x000000060f000000, 0x000000060f000000| Untracked 
|  52|0x000000060f400000, 0x000000060f400000, 0x000000060f800000|  0%| F|  |TAMS 0x000000060f400000, 0x000000060f400000| Untracked 
|  53|0x000000060f800000, 0x000000060f800000, 0x000000060fc00000|  0%| F|  |TAMS 0x000000060f800000, 0x000000060f800000| Untracked 
|  54|0x000000060fc00000, 0x000000060fc00000, 0x0000000610000000|  0%| F|  |TAMS 0x000000060fc00000, 0x000000060fc00000| Untracked 
|  55|0x0000000610000000, 0x0000000610000000, 0x0000000610400000|  0%| F|  |TAMS 0x0000000610000000, 0x0000000610000000| Untracked 
|  56|0x0000000610400000, 0x0000000610400000, 0x0000000610800000|  0%| F|  |TAMS 0x0000000610400000, 0x0000000610400000| Untracked 
|  57|0x0000000610800000, 0x0000000610800000, 0x0000000610c00000|  0%| F|  |TAMS 0x0000000610800000, 0x0000000610800000| Untracked 
|  58|0x0000000610c00000, 0x0000000610c00000, 0x0000000611000000|  0%| F|  |TAMS 0x0000000610c00000, 0x0000000610c00000| Untracked 
|  59|0x0000000611000000, 0x00000006113083a8, 0x0000000611400000| 75%| E|  |TAMS 0x0000000611000000, 0x0000000611000000| Complete 
|  60|0x0000000611400000, 0x0000000611800000, 0x0000000611800000|100%| E|CS|TAMS 0x0000000611400000, 0x0000000611400000| Complete 
|  61|0x0000000611800000, 0x0000000611c00000, 0x0000000611c00000|100%| E|CS|TAMS 0x0000000611800000, 0x0000000611800000| Complete 
|  62|0x0000000611c00000, 0x0000000612000000, 0x0000000612000000|100%| E|CS|TAMS 0x0000000611c00000, 0x0000000611c00000| Complete 
|  63|0x0000000612000000, 0x0000000612400000, 0x0000000612400000|100%| E|CS|TAMS 0x0000000612000000, 0x0000000612000000| Complete 
|  64|0x0000000612400000, 0x0000000612800000, 0x0000000612800000|100%| E|CS|TAMS 0x0000000612400000, 0x0000000612400000| Complete 
| 127|0x0000000622000000, 0x0000000622400000, 0x0000000622400000|100%| E|CS|TAMS 0x0000000622000000, 0x0000000622000000| Complete 

Card table byte_map: [0x000001fb00000000,0x000001fb00ff0000] _byte_map_base: 0x000001fafcfee000

Marking Bits (Prev, Next): (CMBitMap*) 0x000001fb679ea690, (CMBitMap*) 0x000001fb679ea6d0
 Prev Bits: [0x000001fb01fe0000, 0x000001fb09f50000)
 Next Bits: [0x000001fb09f50000, 0x000001fb11ec0000)

Polling page: 0x000001fb657d0000

Metaspace:

Usage:
  Non-class:     54.65 MB used.
      Class:      6.57 MB used.
       Both:     61.23 MB used.

Virtual space:
  Non-class space:       64.00 MB reserved,      54.81 MB ( 86%) committed,  1 nodes.
      Class space:        1.00 GB reserved,       6.69 MB ( <1%) committed,  1 nodes.
             Both:        1.06 GB reserved,      61.50 MB (  6%) committed. 

Chunk freelists:
   Non-Class:  8.28 MB
       Class:  9.32 MB
        Both:  17.60 MB

MaxMetaspaceSize: unlimited
CompressedClassSpaceSize: 1.00 GB
Initial GC threshold: 21.00 MB
Current GC threshold: 97.62 MB
CDS: on
MetaspaceReclaimPolicy: balanced
 - commit_granule_bytes: 65536.
 - commit_granule_words: 8192.
 - virtual_space_node_default_size: 8388608.
 - enlarge_chunks_in_place: 1.
 - new_chunks_are_fully_committed: 0.
 - uncommit_free_chunks: 1.
 - use_allocation_guard: 0.
 - handle_deallocations: 1.


Internal statistics:

num_allocs_failed_limit: 33.
num_arena_births: 324.
num_arena_deaths: 0.
num_vsnodes_births: 2.
num_vsnodes_deaths: 0.
num_space_committed: 982.
num_space_uncommitted: 0.
num_chunks_returned_to_freelist: 33.
num_chunks_taken_from_freelist: 2512.
num_chunk_merges: 30.
num_chunk_splits: 2066.
num_chunks_enlarged: 1849.
num_inconsistent_stats: 0.

CodeHeap 'non-profiled nmethods': size=120000Kb used=9278Kb max_used=9668Kb free=110721Kb
 bounds [0x000001fb76f90000, 0x000001fb77910000, 0x000001fb7e4c0000]
CodeHeap 'profiled nmethods': size=120000Kb used=42289Kb max_used=42289Kb free=77710Kb
 bounds [0x000001fb6f4c0000, 0x000001fb71e10000, 0x000001fb769f0000]
CodeHeap 'non-nmethods': size=5760Kb used=1374Kb max_used=1504Kb free=4385Kb
 bounds [0x000001fb769f0000, 0x000001fb76c60000, 0x000001fb76f90000]
 total_blobs=12957 nmethods=12269 adapters=596
 compilation: enabled
              stopped_count=0, restarted_count=0
 full_count=0

Compilation events (20 events):
Event: 15.483 Thread 0x000001fb7fbe4080 14880       1       org.jetbrains.kotlin.fir.expressions.impl.FirWhileLoopImpl::getLabel (5 bytes)
Event: 15.483 Thread 0x000001fb7fbe4080 nmethod 14880 0x000001fb774f2110 code [0x000001fb774f22a0, 0x000001fb774f2378]
Event: 15.483 Thread 0x000001fb7fbe4080 14884       1       org.jetbrains.kotlin.fir.declarations.synthetic.FirSyntheticPropertyAccessor::getDelegate (5 bytes)
Event: 15.483 Thread 0x000001fb7fbe4080 nmethod 14884 0x000001fb774f1e10 code [0x000001fb774f1fa0, 0x000001fb774f2078]
Event: 15.483 Thread 0x000001fb7fbddd80 14892       4       org.jetbrains.kotlin.fir.analysis.checkers.FirHelpersKt::isLhsOfAssignment (134 bytes)
Event: 15.485 Thread 0x000001fb7fbe4080 14893       3       org.jetbrains.kotlin.fir.analysis.checkers.expression.FirOptInUsageBaseChecker::reportNotAcceptedExperimentalities$default (28 bytes)
Event: 15.485 Thread 0x000001fb7fbe4080 nmethod 14893 0x000001fb71de2b10 code [0x000001fb71de2cc0, 0x000001fb71de2f18]
Event: 15.487 Thread 0x000001fb7fbe4080 14895       1       org.jetbrains.kotlin.diagnostics.AbstractKtDiagnosticFactory::getName (5 bytes)
Event: 15.487 Thread 0x000001fb7fbe4080 nmethod 14895 0x000001fb774f1b10 code [0x000001fb774f1ca0, 0x000001fb774f1d78]
Event: 15.487 Thread 0x000001fb7fbe4080 14896       3       org.jetbrains.kotlin.fir.analysis.cfa.FirPropertyInitializationAnalyzerKt::requiresInitialization (98 bytes)
Event: 15.489 Thread 0x000001fb7fbe4080 nmethod 14896 0x000001fb71de3090 code [0x000001fb71de3740, 0x000001fb71de6f48]
Event: 15.489 Thread 0x000001fb7fbe4080 14897       3       org.jetbrains.kotlin.fir.declarations.impl.FirBackingFieldImpl::getTypeParameters (4 bytes)
Event: 15.489 Thread 0x000001fb7fbe4080 nmethod 14897 0x000001fb71de7e90 code [0x000001fb71de8040, 0x000001fb71de81b8]
Event: 15.490 Thread 0x000001fb7fbe4080 14898       3       org.jetbrains.kotlin.fir.expressions.FirOperation$Companion::getTYPES (4 bytes)
Event: 15.490 Thread 0x000001fb7fbe4080 nmethod 14898 0x000001fb71de8290 code [0x000001fb71de8440, 0x000001fb71de85b8]
Event: 15.491 Thread 0x000001fb7fbe4080 14899       3       org.jetbrains.kotlin.fir.analysis.checkers.expression.FirPropertyAccessTypeArgumentsChecker::check (151 bytes)
Event: 15.493 Thread 0x000001fb7fbe4080 nmethod 14899 0x000001fb71de8690 code [0x000001fb71de8b40, 0x000001fb71deaf48]
Event: 15.493 Thread 0x000001fb7fbe4080 14900       3       org.jetbrains.kotlin.fir.analysis.checkers.expression.FirCustomEnumEntriesMigrationAccessChecker::check (11 bytes)
Event: 15.493 Thread 0x000001fb7fbe4080 nmethod 14900 0x000001fb71debb10 code [0x000001fb71debcc0, 0x000001fb71debee8]
Event: 15.493 Thread 0x000001fb7fbe4080 14901       3       org.jetbrains.kotlin.fir.analysis.checkers.expression.FirCustomEnumEntriesMigrationAccessChecker::check (421 bytes)

GC Heap History (20 events):
Event: 8.297 GC heap before
{Heap before GC invocations=16 (full 0):
 garbage-first heap   total 188416K, used 134602K [0x0000000602400000, 0x0000000800000000)
  region size 4096K, 11 young (45056K), 1 survivors (4096K)
 Metaspace       used 56034K, committed 56320K, reserved 1114112K
  class space    used 6267K, committed 6400K, reserved 1048576K
}
Event: 8.305 GC heap after
{Heap after GC invocations=17 (full 0):
 garbage-first heap   total 188416K, used 103139K [0x0000000602400000, 0x0000000800000000)
  region size 4096K, 2 young (8192K), 2 survivors (8192K)
 Metaspace       used 56034K, committed 56320K, reserved 1114112K
  class space    used 6267K, committed 6400K, reserved 1048576K
}
Event: 9.002 GC heap before
{Heap before GC invocations=17 (full 0):
 garbage-first heap   total 188416K, used 140003K [0x0000000602400000, 0x0000000800000000)
  region size 4096K, 11 young (45056K), 2 survivors (8192K)
 Metaspace       used 56684K, committed 57024K, reserved 1114112K
  class space    used 6308K, committed 6464K, reserved 1048576K
}
Event: 9.013 GC heap after
{Heap after GC invocations=18 (full 0):
 garbage-first heap   total 188416K, used 109346K [0x0000000602400000, 0x0000000800000000)
  region size 4096K, 2 young (8192K), 2 survivors (8192K)
 Metaspace       used 56684K, committed 57024K, reserved 1114112K
  class space    used 6308K, committed 6464K, reserved 1048576K
}
Event: 9.632 GC heap before
{Heap before GC invocations=19 (full 0):
 garbage-first heap   total 200704K, used 142114K [0x0000000602400000, 0x0000000800000000)
  region size 4096K, 10 young (40960K), 2 survivors (8192K)
 Metaspace       used 57351K, committed 57728K, reserved 1114112K
  class space    used 6367K, committed 6528K, reserved 1048576K
}
Event: 9.639 GC heap after
{Heap after GC invocations=20 (full 0):
 garbage-first heap   total 200704K, used 112750K [0x0000000602400000, 0x0000000800000000)
  region size 4096K, 1 young (4096K), 1 survivors (4096K)
 Metaspace       used 57351K, committed 57728K, reserved 1114112K
  class space    used 6367K, committed 6528K, reserved 1048576K
}
Event: 10.292 GC heap before
{Heap before GC invocations=20 (full 0):
 garbage-first heap   total 200704K, used 157806K [0x0000000602400000, 0x0000000800000000)
  region size 4096K, 12 young (49152K), 1 survivors (4096K)
 Metaspace       used 57793K, committed 58112K, reserved 1114112K
  class space    used 6378K, committed 6528K, reserved 1048576K
}
Event: 10.300 GC heap after
{Heap after GC invocations=21 (full 0):
 garbage-first heap   total 200704K, used 116583K [0x0000000602400000, 0x0000000800000000)
  region size 4096K, 2 young (8192K), 2 survivors (8192K)
 Metaspace       used 57793K, committed 58112K, reserved 1114112K
  class space    used 6378K, committed 6528K, reserved 1048576K
}
Event: 10.992 GC heap before
{Heap before GC invocations=22 (full 0):
 garbage-first heap   total 212992K, used 157543K [0x0000000602400000, 0x0000000800000000)
  region size 4096K, 12 young (49152K), 2 survivors (8192K)
 Metaspace       used 58229K, committed 58560K, reserved 1114112K
  class space    used 6407K, committed 6528K, reserved 1048576K
}
Event: 10.999 GC heap after
{Heap after GC invocations=23 (full 0):
 garbage-first heap   total 212992K, used 120244K [0x0000000602400000, 0x0000000800000000)
  region size 4096K, 1 young (4096K), 1 survivors (4096K)
 Metaspace       used 58229K, committed 58560K, reserved 1114112K
  class space    used 6407K, committed 6528K, reserved 1048576K
}
Event: 11.049 GC heap before
{Heap before GC invocations=23 (full 0):
 garbage-first heap   total 212992K, used 124340K [0x0000000602400000, 0x0000000800000000)
  region size 4096K, 2 young (8192K), 1 survivors (4096K)
 Metaspace       used 58249K, committed 58560K, reserved 1114112K
  class space    used 6408K, committed 6528K, reserved 1048576K
}
Event: 11.054 GC heap after
{Heap after GC invocations=24 (full 0):
 garbage-first heap   total 212992K, used 118760K [0x0000000602400000, 0x0000000800000000)
  region size 4096K, 1 young (4096K), 1 survivors (4096K)
 Metaspace       used 58249K, committed 58560K, reserved 1114112K
  class space    used 6408K, committed 6528K, reserved 1048576K
}
Event: 11.731 GC heap before
{Heap before GC invocations=24 (full 0):
 garbage-first heap   total 212992K, used 167912K [0x0000000602400000, 0x0000000800000000)
  region size 4096K, 13 young (53248K), 1 survivors (4096K)
 Metaspace       used 58521K, committed 58880K, reserved 1114112K
  class space    used 6425K, committed 6592K, reserved 1048576K
}
Event: 11.735 GC heap after
{Heap after GC invocations=25 (full 0):
 garbage-first heap   total 270336K, used 122935K [0x0000000602400000, 0x0000000800000000)
  region size 4096K, 2 young (8192K), 2 survivors (8192K)
 Metaspace       used 58521K, committed 58880K, reserved 1114112K
  class space    used 6425K, committed 6592K, reserved 1048576K
}
Event: 13.585 GC heap before
{Heap before GC invocations=26 (full 0):
 garbage-first heap   total 270336K, used 208951K [0x0000000602400000, 0x0000000800000000)
  region size 4096K, 23 young (94208K), 2 survivors (8192K)
 Metaspace       used 58930K, committed 59264K, reserved 1114112K
  class space    used 6430K, committed 6592K, reserved 1048576K
}
Event: 13.592 GC heap after
{Heap after GC invocations=27 (full 0):
 garbage-first heap   total 270336K, used 129939K [0x0000000602400000, 0x0000000800000000)
  region size 4096K, 3 young (12288K), 3 survivors (12288K)
 Metaspace       used 58930K, committed 59264K, reserved 1114112K
  class space    used 6430K, committed 6592K, reserved 1048576K
}
Event: 13.638 GC heap before
{Heap before GC invocations=27 (full 0):
 garbage-first heap   total 270336K, used 134035K [0x0000000602400000, 0x0000000800000000)
  region size 4096K, 4 young (16384K), 3 survivors (12288K)
 Metaspace       used 58959K, committed 59264K, reserved 1114112K
  class space    used 6430K, committed 6592K, reserved 1048576K
}
Event: 13.646 GC heap after
{Heap after GC invocations=28 (full 0):
 garbage-first heap   total 270336K, used 130208K [0x0000000602400000, 0x0000000800000000)
  region size 4096K, 1 young (4096K), 1 survivors (4096K)
 Metaspace       used 58959K, committed 59264K, reserved 1114112K
  class space    used 6430K, committed 6592K, reserved 1048576K
}
Event: 14.759 GC heap before
{Heap before GC invocations=28 (full 0):
 garbage-first heap   total 270336K, used 212128K [0x0000000602400000, 0x0000000800000000)
  region size 4096K, 21 young (86016K), 1 survivors (4096K)
 Metaspace       used 59339K, committed 59648K, reserved 1114112K
  class space    used 6443K, committed 6592K, reserved 1048576K
}
Event: 14.764 GC heap after
{Heap after GC invocations=29 (full 0):
 garbage-first heap   total 270336K, used 136400K [0x0000000602400000, 0x0000000800000000)
  region size 4096K, 2 young (8192K), 2 survivors (8192K)
 Metaspace       used 59339K, committed 59648K, reserved 1114112K
  class space    used 6443K, committed 6592K, reserved 1048576K
}

Dll operation events (7 events):
Event: 0.009 Loaded shared library C:\Program Files\Eclipse Adoptium\jdk-17.0.20.8-hotspot\bin\java.dll
Event: 0.026 Loaded shared library C:\Program Files\Eclipse Adoptium\jdk-17.0.20.8-hotspot\bin\jsvml.dll
Event: 0.091 Loaded shared library C:\Program Files\Eclipse Adoptium\jdk-17.0.20.8-hotspot\bin\net.dll
Event: 0.093 Loaded shared library C:\Program Files\Eclipse Adoptium\jdk-17.0.20.8-hotspot\bin\nio.dll
Event: 0.109 Loaded shared library C:\Program Files\Eclipse Adoptium\jdk-17.0.20.8-hotspot\bin\zip.dll
Event: 0.129 Loaded shared library C:\Program Files\Eclipse Adoptium\jdk-17.0.20.8-hotspot\bin\jimage.dll
Event: 1.164 Loaded shared library C:\Program Files\Eclipse Adoptium\jdk-17.0.20.8-hotspot\bin\verify.dll

Deoptimization events (20 events):
Event: 15.427 Thread 0x000001fb6793abb0 Uncommon trap: trap_request=0xffffffde fr.pc=0x000001fb7776bef8 relative=0x00000000000001b8
Event: 15.427 Thread 0x000001fb6793abb0 Uncommon trap: reason=class_check action=maybe_recompile pc=0x000001fb7776bef8 method=org.jetbrains.kotlin.fir.declarations.FirAnnotationUtilsKt.getAnnotationByClassId(Ljava/util/List;Lorg/jetbrains/kotlin/name/ClassId;Lorg/jetbrains/kotlin/fir/FirSession
Event: 15.427 Thread 0x000001fb6793abb0 DEOPT PACKING pc=0x000001fb7776bef8 sp=0x0000001be1afd8a0
Event: 15.427 Thread 0x000001fb6793abb0 DEOPT UNPACKING pc=0x000001fb76a469a3 sp=0x0000001be1afd7e0 mode 2
Event: 15.429 Thread 0x000001fb6793abb0 Uncommon trap: trap_request=0xffffffc6 fr.pc=0x000001fb77028978 relative=0x0000000000000058
Event: 15.429 Thread 0x000001fb6793abb0 Uncommon trap: reason=bimorphic_or_optimized_type_check action=maybe_recompile pc=0x000001fb77028978 method=org.jetbrains.kotlin.fir.declarations.utils.FirDeclarationUtilKt.getClassId(Lorg/jetbrains/kotlin/fir/declarations/FirClassLikeDeclaration;)Lorg/je
Event: 15.429 Thread 0x000001fb6793abb0 DEOPT PACKING pc=0x000001fb77028978 sp=0x0000001be1afd390
Event: 15.429 Thread 0x000001fb6793abb0 DEOPT UNPACKING pc=0x000001fb76a469a3 sp=0x0000001be1afd330 mode 2
Event: 15.429 Thread 0x000001fb6793abb0 Uncommon trap: trap_request=0xffffffc6 fr.pc=0x000001fb776755e8 relative=0x00000000000005c8
Event: 15.429 Thread 0x000001fb6793abb0 Uncommon trap: reason=bimorphic_or_optimized_type_check action=maybe_recompile pc=0x000001fb776755e8 method=org.jetbrains.kotlin.fir.symbols.impl.FirClassSymbol.getResolvedSuperTypeRefs()Ljava/util/List; @ 17 c2
Event: 15.429 Thread 0x000001fb6793abb0 DEOPT PACKING pc=0x000001fb776755e8 sp=0x0000001be1afce10
Event: 15.429 Thread 0x000001fb6793abb0 DEOPT UNPACKING pc=0x000001fb76a469a3 sp=0x0000001be1afcde0 mode 2
Event: 15.429 Thread 0x000001fb6793abb0 Uncommon trap: trap_request=0xffffffde fr.pc=0x000001fb773fa004 relative=0x00000000000009c4
Event: 15.429 Thread 0x000001fb6793abb0 Uncommon trap: reason=class_check action=maybe_recompile pc=0x000001fb773fa004 method=org.jetbrains.kotlin.fir.ClassMembersKt.getContainingClassForStaticMemberAttr(Lorg/jetbrains/kotlin/fir/declarations/FirCallableDeclaration;)Lorg/jetbrains/kotlin/fir/ty
Event: 15.429 Thread 0x000001fb6793abb0 DEOPT PACKING pc=0x000001fb773fa004 sp=0x0000001be1afce80
Event: 15.429 Thread 0x000001fb6793abb0 DEOPT UNPACKING pc=0x000001fb76a469a3 sp=0x0000001be1afcd30 mode 2
Event: 15.429 Thread 0x000001fb6793abb0 Uncommon trap: trap_request=0xffffffde fr.pc=0x000001fb77406a40 relative=0x0000000000000b60
Event: 15.429 Thread 0x000001fb6793abb0 Uncommon trap: reason=class_check action=maybe_recompile pc=0x000001fb77406a40 method=org.jetbrains.kotlin.fir.types.FunctionalTypeUtilsKt.functionTypeKind(Lorg/jetbrains/kotlin/fir/types/ConeClassLikeLookupTag;Lorg/jetbrains/kotlin/fir/FirSession;)Lorg/j
Event: 15.429 Thread 0x000001fb6793abb0 DEOPT PACKING pc=0x000001fb77406a40 sp=0x0000001be1afcac0
Event: 15.429 Thread 0x000001fb6793abb0 DEOPT UNPACKING pc=0x000001fb76a469a3 sp=0x0000001be1afcaa8 mode 2

Classes loaded (20 events):
Event: 4.370 Loading class java/util/ArrayList$SubList$1
Event: 4.370 Loading class java/util/ArrayList$SubList$1 done
Event: 4.383 Loading class java/util/EnumMap$EntrySet
Event: 4.383 Loading class java/util/EnumMap$EntrySet done
Event: 4.383 Loading class java/util/EnumMap$EntryIterator
Event: 4.383 Loading class java/util/EnumMap$EnumMapIterator
Event: 4.383 Loading class java/util/EnumMap$EnumMapIterator done
Event: 4.383 Loading class java/util/EnumMap$EntryIterator done
Event: 4.383 Loading class java/util/EnumMap$EntryIterator$Entry
Event: 4.383 Loading class java/util/EnumMap$EntryIterator$Entry done
Event: 6.290 Loading class java/util/AbstractList$RandomAccessSubList
Event: 6.290 Loading class java/util/AbstractList$RandomAccessSubList done
Event: 6.471 Loading class java/lang/Byte$ByteCache
Event: 6.471 Loading class java/lang/Byte$ByteCache done
Event: 8.481 Loading class java/lang/Short$ShortCache
Event: 8.481 Loading class java/lang/Short$ShortCache done
Event: 14.946 Loading class java/text/MessageFormat
Event: 14.946 Loading class java/text/MessageFormat done
Event: 14.970 Loading class java/text/ChoiceFormat
Event: 14.970 Loading class java/text/ChoiceFormat done

Classes unloaded (0 events):
No events

Classes redefined (0 events):
No events

Internal exceptions (20 events):
Event: 6.501 Thread 0x000001fb6793abb0 Exception <a 'java/lang/NoSuchMethodError'{0x0000000609b79db0}: 'java.lang.Object java.lang.invoke.DirectMethodHandle$Holder.invokeSpecial(java.lang.Object, java.lang.Object, java.lang.Object, java.lang.Object, java.lang.Object, java.lang.Object, java.lang.Object, java.lang.Object, java.lang.Object, java.lang.Object)'> (0x0000000609b79db0) 
thrown [s\src\hotspot\share\interpreter\linkResolver.cpp, line 759]
Event: 6.501 Thread 0x000001fb6793abb0 Exception <a 'java/lang/NoSuchMethodError'{0x0000000609b7eb70}: 'java.lang.Object java.lang.invoke.Invokers$Holder.linkToTargetMethod(java.lang.Object, java.lang.Object, java.lang.Object, java.lang.Object, java.lang.Object, java.lang.Object, java.lang.Object, java.lang.Object, java.lang.Object)'> (0x0000000609b7eb70) 
thrown [s\src\hotspot\share\interpreter\linkResolver.cpp, line 759]
Event: 6.830 Thread 0x000001fb6793abb0 Exception <a 'java/lang/NoSuchMethodError'{0x000000060a3a9b80}: 'java.lang.Object java.lang.invoke.DirectMethodHandle$Holder.invokeStatic(java.lang.Object, java.lang.Object, java.lang.Object, int, java.lang.Object, java.lang.Object)'> (0x000000060a3a9b80) 
thrown [s\src\hotspot\share\interpreter\linkResolver.cpp, line 759]
Event: 6.832 Thread 0x000001fb6793abb0 Exception <a 'java/lang/NoSuchMethodError'{0x000000060a3c2530}: 'java.lang.Object java.lang.invoke.DirectMethodHandle$Holder.invokeStatic(java.lang.Object, int, java.lang.Object)'> (0x000000060a3c2530) 
thrown [s\src\hotspot\share\interpreter\linkResolver.cpp, line 759]
Event: 6.834 Thread 0x000001fb6793abb0 Exception <a 'java/lang/NoSuchMethodError'{0x000000060a3d6a60}: 'java.lang.Object java.lang.invoke.DirectMethodHandle$Holder.newInvokeSpecial(java.lang.Object, java.lang.Object, java.lang.Object, java.lang.Object, java.lang.Object, int)'> (0x000000060a3d6a60) 
thrown [s\src\hotspot\share\interpreter\linkResolver.cpp, line 759]
Event: 6.834 Thread 0x000001fb6793abb0 Exception <a 'java/lang/NoSuchMethodError'{0x000000060a3db968}: 'java.lang.Object java.lang.invoke.DirectMethodHandle$Holder.invokeSpecial(java.lang.Object, java.lang.Object, java.lang.Object, java.lang.Object, java.lang.Object, java.lang.Object, int)'> (0x000000060a3db968) 
thrown [s\src\hotspot\share\interpreter\linkResolver.cpp, line 759]
Event: 6.834 Thread 0x000001fb6793abb0 Exception <a 'java/lang/NoSuchMethodError'{0x000000060a3e01f8}: 'java.lang.Object java.lang.invoke.Invokers$Holder.linkToTargetMethod(java.lang.Object, java.lang.Object, java.lang.Object, java.lang.Object, int, java.lang.Object)'> (0x000000060a3e01f8) 
thrown [s\src\hotspot\share\interpreter\linkResolver.cpp, line 759]
Event: 7.273 Thread 0x000001fb6793abb0 Exception <a 'java/lang/NoSuchMethodError'{0x000000060aac7da0}: 'java.lang.Object java.lang.invoke.DirectMethodHandle$Holder.invokeStatic(java.lang.Object, int, java.lang.Object, java.lang.Object)'> (0x000000060aac7da0) 
thrown [s\src\hotspot\share\interpreter\linkResolver.cpp, line 759]
Event: 7.433 Thread 0x000001fb6793abb0 Exception <a 'java/lang/NoSuchMethodError'{0x000000060a38feb0}: 'java.lang.Object java.lang.invoke.DirectMethodHandle$Holder.newInvokeSpecial(java.lang.Object, int, java.lang.Object, java.lang.Object, java.lang.Object)'> (0x000000060a38feb0) 
thrown [s\src\hotspot\share\interpreter\linkResolver.cpp, line 759]
Event: 7.434 Thread 0x000001fb6793abb0 Exception <a 'java/lang/NoSuchMethodError'{0x000000060a3948a0}: 'java.lang.Object java.lang.invoke.DirectMethodHandle$Holder.invokeSpecial(java.lang.Object, java.lang.Object, int, java.lang.Object, java.lang.Object, java.lang.Object)'> (0x000000060a3948a0) 
thrown [s\src\hotspot\share\interpreter\linkResolver.cpp, line 759]
Event: 7.434 Thread 0x000001fb6793abb0 Exception <a 'java/lang/NoSuchMethodError'{0x000000060a398898}: 'java.lang.Object java.lang.invoke.Invokers$Holder.linkToTargetMethod(int, java.lang.Object, java.lang.Object, java.lang.Object, java.lang.Object)'> (0x000000060a398898) 
thrown [s\src\hotspot\share\interpreter\linkResolver.cpp, line 759]
Event: 8.249 Thread 0x000001fb6793abb0 Exception <a 'java/lang/NoSuchMethodError'{0x000000060b5aabe8}: 'java.lang.Object java.lang.invoke.DirectMethodHandle$Holder.newInvokeSpecial(java.lang.Object, java.lang.Object, java.lang.Object, java.lang.Object, java.lang.Object, java.lang.Object, int)'> (0x000000060b5aabe8) 
thrown [s\src\hotspot\share\interpreter\linkResolver.cpp, line 759]
Event: 8.249 Thread 0x000001fb6793abb0 Exception <a 'java/lang/NoSuchMethodError'{0x000000060b5b03d8}: 'java.lang.Object java.lang.invoke.DirectMethodHandle$Holder.invokeSpecial(java.lang.Object, java.lang.Object, java.lang.Object, java.lang.Object, java.lang.Object, java.lang.Object, java.lang.Object, int)'> (0x000000060b5b03d8) 
thrown [s\src\hotspot\share\interpreter\linkResolver.cpp, line 759]
Event: 8.648 Thread 0x000001fb6793abb0 Implicit null exception at 0x000001fb7749d9b7 to 0x000001fb7749e2c0
Event: 13.370 Thread 0x000001fb6793abb0 Implicit null exception at 0x000001fb776a815c to 0x000001fb776a9bac
Event: 14.446 Thread 0x000001fb6793abb0 Implicit null exception at 0x000001fb7789bfd0 to 0x000001fb7789c1c8
Event: 15.007 Thread 0x000001fb6793abb0 Exception <a 'java/lang/NoSuchMethodError'{0x0000000611e8abf0}: 'java.lang.Object java.lang.invoke.DirectMethodHandle$Holder.invokeStaticInit(java.lang.Object, int, int, java.lang.Object)'> (0x0000000611e8abf0) 
thrown [s\src\hotspot\share\interpreter\linkResolver.cpp, line 759]
Event: 15.023 Thread 0x000001fb6793abb0 Implicit null exception at 0x000001fb772e3b55 to 0x000001fb772e3d30
Event: 15.213 Thread 0x000001fb6793abb0 Exception <a 'java/lang/NoSuchMethodError'{0x0000000611b5b8f8}: 'java.lang.Object java.lang.invoke.DirectMethodHandle$Holder.invokeStatic(java.lang.Object, java.lang.Object, java.lang.Object, java.lang.Object, java.lang.Object, int)'> (0x0000000611b5b8f8) 
thrown [s\src\hotspot\share\interpreter\linkResolver.cpp, line 759]
Event: 15.411 Thread 0x000001fb6793abb0 Implicit null exception at 0x000001fb775b0b09 to 0x000001fb775b0b28

VM Operations (20 events):
Event: 14.877 Executing VM operation: HandshakeAllThreads
Event: 14.877 Executing VM operation: HandshakeAllThreads done
Event: 14.878 Executing VM operation: HandshakeAllThreads
Event: 14.879 Executing VM operation: HandshakeAllThreads done
Event: 14.891 Executing VM operation: G1PauseCleanup
Event: 14.902 Executing VM operation: G1PauseCleanup done
Event: 14.925 Executing VM operation: HandshakeAllThreads
Event: 14.925 Executing VM operation: HandshakeAllThreads done
Event: 14.972 Executing VM operation: HandshakeAllThreads
Event: 14.972 Executing VM operation: HandshakeAllThreads done
Event: 15.109 Executing VM operation: ICBufferFull
Event: 15.109 Executing VM operation: ICBufferFull done
Event: 15.237 Executing VM operation: ICBufferFull
Event: 15.237 Executing VM operation: ICBufferFull done
Event: 15.247 Executing VM operation: HandshakeAllThreads
Event: 15.247 Executing VM operation: HandshakeAllThreads done
Event: 15.344 Executing VM operation: ICBufferFull
Event: 15.344 Executing VM operation: ICBufferFull done
Event: 15.456 Executing VM operation: ICBufferFull
Event: 15.456 Executing VM operation: ICBufferFull done

Memory protections (0 events):
No events

Nmethod flushes (20 events):
Event: 14.940 Thread 0x000001fb7fbfa4c0 flushing  nmethod 0x000001fb70d7af90
Event: 14.942 Thread 0x000001fb7fbfa4c0 flushing  nmethod 0x000001fb71070910
Event: 14.942 Thread 0x000001fb7fbfa4c0 flushing  nmethod 0x000001fb71239710
Event: 14.943 Thread 0x000001fb7fbfa4c0 flushing  nmethod 0x000001fb71320f90
Event: 14.943 Thread 0x000001fb7fbfa4c0 flushing  nmethod 0x000001fb71360610
Event: 14.943 Thread 0x000001fb7fbfa4c0 flushing  nmethod 0x000001fb713ef810
Event: 14.943 Thread 0x000001fb7fbfa4c0 flushing  nmethod 0x000001fb714bc390
Event: 14.944 Thread 0x000001fb7fbfa4c0 flushing  nmethod 0x000001fb715faa90
Event: 14.945 Thread 0x000001fb7fbfa4c0 flushing  nmethod 0x000001fb71908610
Event: 14.945 Thread 0x000001fb7fbfa4c0 flushing  nmethod 0x000001fb71910c10
Event: 14.945 Thread 0x000001fb7fbfa4c0 flushing  nmethod 0x000001fb71962290
Event: 14.945 Thread 0x000001fb7fbfa4c0 flushing  nmethod 0x000001fb71974e90
Event: 14.945 Thread 0x000001fb7fbfa4c0 flushing  nmethod 0x000001fb7199c590
Event: 14.946 Thread 0x000001fb7fbfa4c0 flushing  nmethod 0x000001fb71a70a10
Event: 14.946 Thread 0x000001fb7fbfa4c0 flushing  nmethod 0x000001fb71a74810
Event: 14.946 Thread 0x000001fb7fbfa4c0 flushing  nmethod 0x000001fb71a7ff10
Event: 14.946 Thread 0x000001fb7fbfa4c0 flushing  nmethod 0x000001fb71b32b10
Event: 14.946 Thread 0x000001fb7fbfa4c0 flushing  nmethod 0x000001fb71b33090
Event: 14.946 Thread 0x000001fb7fbfa4c0 flushing  nmethod 0x000001fb71b37790
Event: 14.946 Thread 0x000001fb7fbfa4c0 flushing  nmethod 0x000001fb71b66b10

Events (20 events):
Event: 0.052 Thread 0x000001fb6793abb0 Thread added: 0x000001fb7fbbdd50
Event: 0.064 Thread 0x000001fb6793abb0 Thread added: 0x000001fb7fbd86f0
Event: 0.064 Thread 0x000001fb6793abb0 Thread added: 0x000001fb7fbdafd0
Event: 0.064 Thread 0x000001fb6793abb0 Thread added: 0x000001fb7fbdb8a0
Event: 0.064 Thread 0x000001fb6793abb0 Thread added: 0x000001fb7fbdc170
Event: 0.064 Thread 0x000001fb6793abb0 Thread added: 0x000001fb7fbddd80
Event: 0.067 Thread 0x000001fb6793abb0 Thread added: 0x000001fb7fbe4080
Event: 0.068 Thread 0x000001fb6793abb0 Thread added: 0x000001fb7fbfa4c0
Event: 0.086 Thread 0x000001fb6793abb0 Thread added: 0x000001fb147e13a0
Event: 0.087 Thread 0x000001fb6793abb0 Thread added: 0x000001fb147e9b30
Event: 0.102 Thread 0x000001fb7fbddd80 Thread added: 0x000001fb1483b500
Event: 0.969 Thread 0x000001fb7fbe4080 Thread added: 0x000001fb5c35b750
Event: 1.462 Thread 0x000001fb5c35b750 Thread exited: 0x000001fb5c35b750
Event: 1.592 Thread 0x000001fb7fbe4080 Thread added: 0x000001fb5ab45040
Event: 1.970 Thread 0x000001fb5ab45040 Thread exited: 0x000001fb5ab45040
Event: 1.970 Thread 0x000001fb1483b500 Thread exited: 0x000001fb1483b500
Event: 2.254 Thread 0x000001fb7fbe4080 Thread added: 0x000001fb5cda4250
Event: 2.288 Thread 0x000001fb7fbe4080 Thread added: 0x000001fb5b009830
Event: 15.026 Thread 0x000001fb5b009830 Thread exited: 0x000001fb5b009830
Event: 15.205 Thread 0x000001fb7fbe4080 Thread added: 0x000001fb5eb89940


Dynamic libraries:
0x00007ff6548a0000 - 0x00007ff6548ae000 	C:\Program Files\Eclipse Adoptium\jdk-17.0.20.8-hotspot\bin\java.exe
0x00007ffc559c0000 - 0x00007ffc55c26000 	C:\WINDOWS\SYSTEM32\ntdll.dll
0x00007ffc54110000 - 0x00007ffc541d9000 	C:\WINDOWS\System32\KERNEL32.DLL
0x00007ffc532e0000 - 0x00007ffc536df000 	C:\WINDOWS\System32\KERNELBASE.dll
0x00007ffc52c60000 - 0x00007ffc52dac000 	C:\WINDOWS\System32\ucrtbase.dll
0x00007ffc4d920000 - 0x00007ffc4d938000 	C:\Program Files\Eclipse Adoptium\jdk-17.0.20.8-hotspot\bin\jli.dll
0x00007ffc54660000 - 0x00007ffc54826000 	C:\WINDOWS\System32\USER32.dll
0x00007ffc52fa0000 - 0x00007ffc52fc7000 	C:\WINDOWS\System32\win32u.dll
0x00007ffc545f0000 - 0x00007ffc5461b000 	C:\WINDOWS\System32\GDI32.dll
0x00007ffc52e70000 - 0x00007ffc52f99000 	C:\WINDOWS\System32\gdi32full.dll
0x00007ffc52dc0000 - 0x00007ffc52e63000 	C:\WINDOWS\System32\msvcp_win.dll
0x00007ffc45130000 - 0x00007ffc4514e000 	C:\Program Files\Eclipse Adoptium\jdk-17.0.20.8-hotspot\bin\VCRUNTIME140.dll
0x00007ffc41750000 - 0x00007ffc419e1000 	C:\WINDOWS\WinSxS\amd64_microsoft.windows.common-controls_6595b64144ccf1df_6.0.26100.8972_none_3e0da176e32f9d4b\COMCTL32.dll
0x00007ffc55050000 - 0x00007ffc550f9000 	C:\WINDOWS\System32\msvcrt.dll
0x00007ffc54620000 - 0x00007ffc54652000 	C:\WINDOWS\System32\IMM32.DLL
0x00007ffc4da30000 - 0x00007ffc4da3c000 	C:\Program Files\Eclipse Adoptium\jdk-17.0.20.8-hotspot\bin\vcruntime140_1.dll
0x00007ffc2c030000 - 0x00007ffc2c0bd000 	C:\Program Files\Eclipse Adoptium\jdk-17.0.20.8-hotspot\bin\msvcp140.dll
0x00007ffb7dfb0000 - 0x00007ffb7ec1c000 	C:\Program Files\Eclipse Adoptium\jdk-17.0.20.8-hotspot\bin\server\jvm.dll
0x00007ffc55590000 - 0x00007ffc5564c000 	C:\WINDOWS\System32\ADVAPI32.dll
0x00007ffc53bd0000 - 0x00007ffc53c7a000 	C:\WINDOWS\System32\sechost.dll
0x00007ffc542e0000 - 0x00007ffc543f8000 	C:\WINDOWS\System32\RPCRT4.dll
0x00007ffc55840000 - 0x00007ffc558c2000 	C:\WINDOWS\System32\WS2_32.dll
0x00007ffc52870000 - 0x00007ffc528ce000 	C:\WINDOWS\SYSTEM32\POWRPROF.dll
0x00007ffc48e50000 - 0x00007ffc48e86000 	C:\WINDOWS\SYSTEM32\WINMM.dll
0x00007ffc47510000 - 0x00007ffc4751b000 	C:\WINDOWS\SYSTEM32\VERSION.dll
0x00007ffc52850000 - 0x00007ffc52865000 	C:\WINDOWS\SYSTEM32\UMPDC.dll
0x00007ffc51880000 - 0x00007ffc5189b000 	C:\WINDOWS\SYSTEM32\kernel.appcore.dll
0x00007ffc446a0000 - 0x00007ffc446aa000 	C:\Program Files\Eclipse Adoptium\jdk-17.0.20.8-hotspot\bin\jimage.dll
0x00007ffc475f0000 - 0x00007ffc47832000 	C:\WINDOWS\SYSTEM32\DBGHELP.DLL
0x00007ffc53c80000 - 0x00007ffc54005000 	C:\WINDOWS\System32\combase.dll
0x00007ffc53a10000 - 0x00007ffc53ae9000 	C:\WINDOWS\System32\OLEAUT32.dll
0x00007ffc3bc70000 - 0x00007ffc3bcab000 	C:\WINDOWS\SYSTEM32\dbgcore.DLL
0x00007ffc52fd0000 - 0x00007ffc5307c000 	C:\WINDOWS\System32\bcryptPrimitives.dll
0x00007ffc42d90000 - 0x00007ffc42db5000 	C:\Program Files\Eclipse Adoptium\jdk-17.0.20.8-hotspot\bin\java.dll
0x00007ffc29190000 - 0x00007ffc29267000 	C:\Program Files\Eclipse Adoptium\jdk-17.0.20.8-hotspot\bin\jsvml.dll
0x00007ffc54830000 - 0x00007ffc54fb8000 	C:\WINDOWS\System32\SHELL32.dll
0x00007ffc50660000 - 0x00007ffc50efb000 	C:\WINDOWS\SYSTEM32\windows.storage.dll
0x00007ffc54010000 - 0x00007ffc54109000 	C:\WINDOWS\System32\SHCORE.dll
0x00007ffc55660000 - 0x00007ffc556c6000 	C:\WINDOWS\System32\shlwapi.dll
0x00007ffc52af0000 - 0x00007ffc52b19000 	C:\WINDOWS\SYSTEM32\profapi.dll
0x00007ffc43310000 - 0x00007ffc4332a000 	C:\Program Files\Eclipse Adoptium\jdk-17.0.20.8-hotspot\bin\net.dll
0x00007ffc48b10000 - 0x00007ffc48c38000 	C:\WINDOWS\SYSTEM32\WINHTTP.dll
0x00007ffc51e10000 - 0x00007ffc51e7c000 	C:\WINDOWS\system32\mswsock.dll
0x00007ffc38ee0000 - 0x00007ffc38ef6000 	C:\Program Files\Eclipse Adoptium\jdk-17.0.20.8-hotspot\bin\nio.dll
0x00007ffc38df0000 - 0x00007ffc38e08000 	C:\Program Files\Eclipse Adoptium\jdk-17.0.20.8-hotspot\bin\zip.dll
0x00007ffc38ed0000 - 0x00007ffc38ee0000 	C:\Program Files\Eclipse Adoptium\jdk-17.0.20.8-hotspot\bin\verify.dll

dbghelp: loaded successfully - version: 4.0.5 - missing functions: none
symbol engine: initialized successfully - sym options: 0x614 - pdb path: .;C:\Program Files\Eclipse Adoptium\jdk-17.0.20.8-hotspot\bin;C:\WINDOWS\SYSTEM32;C:\WINDOWS\WinSxS\amd64_microsoft.windows.common-controls_6595b64144ccf1df_6.0.26100.8972_none_3e0da176e32f9d4b;C:\Program Files\Eclipse Adoptium\jdk-17.0.20.8-hotspot\bin\server

VM Arguments:
java_command: org.jetbrains.kotlin.cli.jvm.K2JVMCompiler @C:\projects\ThoughtCollector\node_modules\react-native-screens\android\build\20260823_13362810105007083941.compiler.options
java_class_path (initial): C:\Users\ainis\.gradle\caches\modules-2\files-2.1\org.jetbrains.kotlin\kotlin-compiler-embeddable\2.1.20\4ef56b3316798316bfac7a0ae443391c9e900ea1\kotlin-compiler-embeddable-2.1.20.jar;C:\Users\ainis\.gradle\caches\modules-2\files-2.1\org.jetbrains.kotlin\kotlin-stdlib\2.1.20\aa8ca79cd50578314f6d1180c47cbe14c0fee567\kotlin-stdlib-2.1.20.jar;C:\Users\ainis\.gradle\caches\modules-2\files-2.1\org.jetbrains.kotlin\kotlin-script-runtime\2.1.20\f7c623d7f7bdb01f5ccd6b437bc0a937fcd7c57e\kotlin-script-runtime-2.1.20.jar;C:\Users\ainis\.gradle\caches\modules-2\files-2.1\org.jetbrains.kotlin\kotlin-reflect\1.6.10\1cbe9c92c12a94eea200d23c2bbaedaf3daf5132\kotlin-reflect-1.6.10.jar;C:\Users\ainis\.gradle\caches\modules-2\files-2.1\org.jetbrains.kotlin\kotlin-daemon-embeddable\2.1.20\95670fce77befd02a70a0bc3abe8ee4533521334\kotlin-daemon-embeddable-2.1.20.jar;C:\Users\ainis\.gradle\caches\modules-2\files-2.1\org.jetbrains.intellij.deps\trove4j\1.0.20200330\3afb14d5f9ceb459d724e907a21145e8ff394f02\trove4j-1.0.20200330.jar;C:\Users\ainis\.gradle\caches\modules-2\files-2.1\org.jetbrains.kotlinx\kotlinx-coroutines-core-jvm\1.8.0\ac1dc37a30a93150b704022f8d895ee1bd3a36b3\kotlinx-coroutines-core-jvm-1.8.0.jar;C:\Users\ainis\.gradle\caches\modules-2\files-2.1\org.jetbrains\annotations\13.0\919f0dfe192fb4e063e7dacadee7f8bb9a2672a9\annotations-13.0.jar
Launcher Type: SUN_STANDARD

[Global flags]
     intx CICompilerCount                          = 4                                         {product} {ergonomic}
     uint ConcGCThreads                            = 3                                         {product} {ergonomic}
     uint G1ConcRefinementThreads                  = 10                                        {product} {ergonomic}
   size_t G1HeapRegionSize                         = 4194304                                   {product} {ergonomic}
    uintx GCDrainStackTargetSize                   = 64                                        {product} {ergonomic}
   size_t InitialHeapSize                          = 536870912                                 {product} {ergonomic}
   size_t MarkStackSize                            = 4194304                                   {product} {ergonomic}
   size_t MaxHeapSize                              = 8552185856                                {product} {ergonomic}
   size_t MaxNewSize                               = 5129633792                                {product} {ergonomic}
   size_t MinHeapDeltaBytes                        = 4194304                                   {product} {ergonomic}
   size_t MinHeapSize                              = 8388608                                   {product} {ergonomic}
    uintx NonNMethodCodeHeapSize                   = 5839372                                {pd product} {ergonomic}
    uintx NonProfiledCodeHeapSize                  = 122909434                              {pd product} {ergonomic}
    uintx ProfiledCodeHeapSize                     = 122909434                              {pd product} {ergonomic}
    uintx ReservedCodeCacheSize                    = 251658240                              {pd product} {ergonomic}
     bool SegmentedCodeCache                       = true                                      {product} {ergonomic}
   size_t SoftMaxHeapSize                          = 8552185856                             {manageable} {ergonomic}
     bool UseCompressedClassPointers               = true                           {product lp64_product} {ergonomic}
     bool UseCompressedOops                        = true                           {product lp64_product} {ergonomic}
     bool UseG1GC                                  = true                                      {product} {ergonomic}
     bool UseLargePagesIndividualAllocation        = false                                  {pd product} {ergonomic}

Logging:
Log output configuration:
 #0: stdout all=warning uptime,level,tags
 #1: stderr all=off uptime,level,tags

Environment Variables:
JAVA_HOME=C:\Program Files\Eclipse Adoptium\jdk-17.0.20.8-hotspot\
PATH=C:\Program Files\Eclipse Adoptium\jdk-17.0.20.8-hotspot\bin;C:\Python314\Scripts\;C:\Python314\;C:\Program Files\Eclipse Adoptium\jdk-25.0.3.9-hotspot\bin;C:\WINDOWS\system32;C:\WINDOWS;C:\WINDOWS\System32\Wbem;C:\WINDOWS\System32\WindowsPowerShell\v1.0\;C:\WINDOWS\System32\OpenSSH\;C:\Program Files\dotnet\;C:\Program Files\NVIDIA Corporation\NVIDIA App\NvDLISR;C:\Program Files\Docker\Docker\resources\bin;C:\Program Files (x86)\cloudflared\;C:\Program Files\Git\cmd;C:\Program Files\Graphviz\bin;C:\Program Files\nodejs\;C:\ProgramData\chocolatey\bin;C:\Program Files\Tailscale\;C:\Users\ainis\AppData\Local\Microsoft\WindowsApps;C:\Program Files\Microsoft VS Code\bin;C:\Users\ainis\AppData\Local\Android\Sdk\platform-tools;;c:\Users\ainis\.vscode\extensions\ms-python.debugpy-2026.6.0-win32-x64\bundled\scripts\noConfigScripts
USERNAME=ainis
LANG=en_US.UTF-8
OS=Windows_NT
PROCESSOR_IDENTIFIER=Intel64 Family 6 Model 151 Stepping 5, GenuineIntel
TMP=C:\Users\ainis\AppData\Local\Temp
TEMP=C:\Users\ainis\AppData\Local\Temp



Periodic native trim disabled


---------------  S Y S T E M  ---------------

OS:
 Windows 11 , 64 bit Build 26100 (10.0.26100.9168)
OS uptime: 0 days 6:01 hours
Hyper-V role detected

CPU: total 12 (initial active 12) (6 cores per cpu, 2 threads per core) family 6 model 151 stepping 5 microcode 0x1f, cx8, cmov, fxsr, ht, mmx, 3dnowpref, sse, sse2, sse3, ssse3, sse4.1, sse4.2, popcnt, lzcnt, tsc, tscinvbit, avx, avx2, aes, erms, clmul, bmi1, bmi2, adx, sha, fma, vzeroupper, clflush, clflushopt, clwb, hv
Processor Information for all 12 processors :
  Max Mhz: 2500, Current Mhz: 2500, Mhz Limit: 2500

Memory: 4k page, system-wide physical 32609M (2877M free)
TotalPageFile size 38753M (AvailPageFile size 2M)
current process WorkingSet (physical memory assigned to process): 497M, peak: 518M
current process commit charge ("private bytes"): 539M, peak: 679M

vm_info: OpenJDK 64-Bit Server VM (17.0.20+8) for windows-amd64 JRE (17.0.20+8), built on Jul 22 2026 00:41:45 by "admin" with MS VC++ 17.12 (VS2022)

END.
